------------------------------------------------------------
Timing Analyzer Summary
------------------------------------------------------------

Type  : Slow 1200mV 85C Model Setup 'clk'
Slack : -3.675
TNS   : -30.512

Type  : Slow 1200mV 85C Model Setup 'altsyncram:WideOr3_rtl_0|altsyncram_8t01:auto_generated|ram_block1a0~porta_address_reg0'
Slack : -1.225
TNS   : -4.624

Type  : Slow 1200mV 85C Model Hold 'altsyncram:WideOr3_rtl_0|altsyncram_8t01:auto_generated|ram_block1a0~porta_address_reg0'
Slack : -1.888
TNS   : -48.867

Type  : Slow 1200mV 85C Model Hold 'clk'
Slack : 0.980
TNS   : 0.000

Type  : Slow 1200mV 85C Model Minimum Pulse Width 'clk'
Slack : -3.000
TNS   : -15.174

Type  : Slow 1200mV 85C Model Minimum Pulse Width 'altsyncram:WideOr3_rtl_0|altsyncram_8t01:auto_generated|ram_block1a0~porta_address_reg0'
Slack : -1.000
TNS   : -27.000

Type  : Slow 1200mV 0C Model Setup 'clk'
Slack : -3.193
TNS   : -26.502

Type  : Slow 1200mV 0C Model Setup 'altsyncram:WideOr3_rtl_0|altsyncram_8t01:auto_generated|ram_block1a0~porta_address_reg0'
Slack : -0.987
TNS   : -3.113

Type  : Slow 1200mV 0C Model Hold 'altsyncram:WideOr3_rtl_0|altsyncram_8t01:auto_generated|ram_block1a0~porta_address_reg0'
Slack : -1.694
TNS   : -43.980

Type  : Slow 1200mV 0C Model Hold 'clk'
Slack : 0.891
TNS   : 0.000

Type  : Slow 1200mV 0C Model Minimum Pulse Width 'clk'
Slack : -3.000
TNS   : -15.174

Type  : Slow 1200mV 0C Model Minimum Pulse Width 'altsyncram:WideOr3_rtl_0|altsyncram_8t01:auto_generated|ram_block1a0~porta_address_reg0'
Slack : -1.000
TNS   : -27.000

Type  : Fast 1200mV 0C Model Setup 'clk'
Slack : -1.604
TNS   : -12.626

Type  : Fast 1200mV 0C Model Setup 'altsyncram:WideOr3_rtl_0|altsyncram_8t01:auto_generated|ram_block1a0~porta_address_reg0'
Slack : -0.274
TNS   : -1.719

Type  : Fast 1200mV 0C Model Hold 'altsyncram:WideOr3_rtl_0|altsyncram_8t01:auto_generated|ram_block1a0~porta_address_reg0'
Slack : -1.164
TNS   : -30.066

Type  : Fast 1200mV 0C Model Hold 'clk'
Slack : 0.513
TNS   : 0.000

Type  : Fast 1200mV 0C Model Minimum Pulse Width 'clk'
Slack : -3.000
TNS   : -14.813

Type  : Fast 1200mV 0C Model Minimum Pulse Width 'altsyncram:WideOr3_rtl_0|altsyncram_8t01:auto_generated|ram_block1a0~porta_address_reg0'
Slack : -1.000
TNS   : -27.000

------------------------------------------------------------
