------------------------------------------------------------
Timing Analyzer Summary
------------------------------------------------------------

Type  : Slow 1200mV 85C Model Setup 'clock'
Slack : -9.805
TNS   : -1943.962

Type  : Slow 1200mV 85C Model Setup 'banco_registradores:registers|register:PC|data[0]'
Slack : -2.952
TNS   : -87.811

Type  : Slow 1200mV 85C Model Setup 'banco_registradores:registers|register:PC|data[1]'
Slack : -0.192
TNS   : -0.192

Type  : Slow 1200mV 85C Model Hold 'banco_registradores:registers|register:PC|data[1]'
Slack : 0.289
TNS   : 0.000

Type  : Slow 1200mV 85C Model Hold 'clock'
Slack : 0.606
TNS   : 0.000

Type  : Slow 1200mV 85C Model Hold 'banco_registradores:registers|register:PC|data[0]'
Slack : 2.933
TNS   : 0.000

Type  : Slow 1200mV 85C Model Minimum Pulse Width 'clock'
Slack : -3.000
TNS   : -273.174

Type  : Slow 1200mV 85C Model Minimum Pulse Width 'banco_registradores:registers|register:PC|data[1]'
Slack : -2.174
TNS   : -4.348

Type  : Slow 1200mV 85C Model Minimum Pulse Width 'banco_registradores:registers|register:PC|data[0]'
Slack : -1.000
TNS   : -32.000

Type  : Slow 1200mV 0C Model Setup 'clock'
Slack : -8.655
TNS   : -1714.744

Type  : Slow 1200mV 0C Model Setup 'banco_registradores:registers|register:PC|data[0]'
Slack : -2.566
TNS   : -76.642

Type  : Slow 1200mV 0C Model Setup 'banco_registradores:registers|register:PC|data[1]'
Slack : -0.127
TNS   : -0.127

Type  : Slow 1200mV 0C Model Hold 'banco_registradores:registers|register:PC|data[1]'
Slack : 0.316
TNS   : 0.000

Type  : Slow 1200mV 0C Model Hold 'clock'
Slack : 0.521
TNS   : 0.000

Type  : Slow 1200mV 0C Model Hold 'banco_registradores:registers|register:PC|data[0]'
Slack : 2.644
TNS   : 0.000

Type  : Slow 1200mV 0C Model Minimum Pulse Width 'clock'
Slack : -3.000
TNS   : -273.174

Type  : Slow 1200mV 0C Model Minimum Pulse Width 'banco_registradores:registers|register:PC|data[1]'
Slack : -2.174
TNS   : -4.348

Type  : Slow 1200mV 0C Model Minimum Pulse Width 'banco_registradores:registers|register:PC|data[0]'
Slack : -1.000
TNS   : -32.000

Type  : Fast 1200mV 0C Model Setup 'clock'
Slack : -5.279
TNS   : -1036.814

Type  : Fast 1200mV 0C Model Setup 'banco_registradores:registers|register:PC|data[0]'
Slack : -1.057
TNS   : -29.721

Type  : Fast 1200mV 0C Model Setup 'banco_registradores:registers|register:PC|data[1]'
Slack : 0.219
TNS   : 0.000

Type  : Fast 1200mV 0C Model Hold 'banco_registradores:registers|register:PC|data[1]'
Slack : 0.142
TNS   : 0.000

Type  : Fast 1200mV 0C Model Hold 'clock'
Slack : 0.276
TNS   : 0.000

Type  : Fast 1200mV 0C Model Hold 'banco_registradores:registers|register:PC|data[0]'
Slack : 1.378
TNS   : 0.000

Type  : Fast 1200mV 0C Model Minimum Pulse Width 'clock'
Slack : -3.000
TNS   : -290.513

Type  : Fast 1200mV 0C Model Minimum Pulse Width 'banco_registradores:registers|register:PC|data[0]'
Slack : -1.000
TNS   : -32.000

Type  : Fast 1200mV 0C Model Minimum Pulse Width 'banco_registradores:registers|register:PC|data[1]'
Slack : -1.000
TNS   : -2.000

------------------------------------------------------------
